Seed set to 137
Trainer already configured with model summary callbacks: [<class 'pytorch_lightning.callbacks.model_summary.ModelSummary'>]. Skipping setting a default `ModelSummary` callback.
GPU available: True (cuda), used: True
TPU available: False, using: 0 TPU cores
💡 Tip: For seamless cloud logging and experiment tracking, try installing [litlogger](https://pypi.org/project/litlogger/) to enable LitLogger, which logs metrics and artifacts automatically to the Lightning Experiments platform.
`Trainer(limit_train_batches=1)` was configured so 1 batch per epoch will be used.
/home/jeff/.conda/envs/mdgen2026-r2-a6-cu126/lib/python3.10/site-packages/pytorch_lightning/callbacks/model_checkpoint.py:881: Checkpoint directory /mnt/hdd/jeff/mdgen-piezo/model/mdgen2026/workdir/C44-E1-r21-source exists and is not empty.
LOCAL_RANK: 0 - CUDA_VISIBLE_DEVICES: [0]

  | Name                | Type             | Params | Mode  | FLOPs
-------------------------------------------------------------------------
0 | model               | LatentMDGenModel | 34.2 M | train | 0    
1 | model.latent_to_emb | Linear           | 8.4 K  | train | 0    
2 | model.cond_to_emb   | Linear           | 8.4 K  | train | 0    
3 | model.mask_to_emb   | Embedding        | 768    | train | 0    
4 | model.aatype_to_emb | Embedding        | 8.1 K  | train | 0    
5 | model.ipa_layers    | ModuleList       | 15.1 M | train | 0    
6 | model.layers        | ModuleList       | 18.5 M | train | 0    
7 | model.emb_to_latent | FinalLayer       | 303 K  | train | 0    
8 | model.t_embedder    | TimestepEmbedder | 246 K  | train | 0    
-------------------------------------------------------------------------
34.2 M    Trainable params
0         Non-trainable params
34.2 M    Total params
136.610   Total estimated model params size (MB)
248       Modules in train mode
0         Modules in eval mode
0         Total Flops
/home/jeff/.conda/envs/mdgen2026-r2-a6-cu126/lib/python3.10/site-packages/pytorch_lightning/utilities/_pytree.py:21: `isinstance(treespec, LeafSpec)` is deprecated, use `isinstance(treespec, TreeSpec) and treespec.is_leaf()` instead.
/home/jeff/.conda/envs/mdgen2026-r2-a6-cu126/lib/python3.10/site-packages/pytorch_lightning/trainer/connectors/data_connector.py:434: The 'train_dataloader' does not have many workers which may be a bottleneck. Consider increasing the value of the `num_workers` argument` to `num_workers=31` in the `DataLoader` to improve performance.
Training: |          | 0/? [00:00<?, ?it/s]Training: |          | 0/? [00:00<?, ?it/s]Epoch 0:   0%|          | 0/1 [00:00<?, ?it/s]Epoch 0: 100%|██████████| 1/1 [00:00<00:00,  1.52it/s]Epoch 0: 100%|██████████| 1/1 [00:00<00:00,  1.51it/s]Epoch 0: 100%|██████████| 1/1 [00:00<00:00,  1.51it/s]2026-10-06 16:19:55,505 [SWCLAB-CLUSTER2-LINUX:31889] [INFO] {'train_model_dur': 0.20325827598571777, 'train_loss': 2.2908639907836914, 'train_time': 0.6847999095916748, 'train_dur': 0.7921998500823975, 'train_general_step_dur': 0.2506747245788574, 'epoch': 0, 'trainer_step': 1, 'iter_step': 1, 'train_count': 1, 'lr': 0.0001}
`Trainer.fit` stopped: `max_epochs=1` reached.
Epoch 0: 100%|██████████| 1/1 [00:01<00:00,  0.96it/s]
